INFO:     Started server process [32072]
INFO:     Waiting for application startup.
INFO:     Application startup complete.
INFO:     Uvicorn running on http://0.0.0.0:8001 (Press CTRL+C to quit)
ERROR:    Exception in ASGI application
Traceback (most recent call last):
  File "C:\Users\adity\AppData\Local\Python\pythoncore-3.14-64\Lib\site-packages\uvicorn\protocols\http\httptools_impl.py", line 421, in run_asgi
    result = await app(  # type: ignore[func-returns-value]
             ^^^^^^^^^^^^^^^^^^^^^^^^^^^^^^^^^^^^^^^^^^^^^^
        self.scope, self.receive, self.send
        ^^^^^^^^^^^^^^^^^^^^^^^^^^^^^^^^^^^
    )
    ^
  File "C:\Users\adity\AppData\Local\Python\pythoncore-3.14-64\Lib\site-packages\uvicorn\middleware\proxy_headers.py", line 56, in __call__
    return await self.app(scope, receive, send)
           ^^^^^^^^^^^^^^^^^^^^^^^^^^^^^^^^^^^^
  File "C:\Users\adity\AppData\Local\Python\pythoncore-3.14-64\Lib\site-packages\fastapi\applications.py", line 1159, in __call__
    await super().__call__(scope, receive, send)
  File "C:\Users\adity\AppData\Local\Python\pythoncore-3.14-64\Lib\site-packages\starlette\applications.py", line 90, in __call__
    await self.middleware_stack(scope, receive, send)
  File "C:\Users\adity\AppData\Local\Python\pythoncore-3.14-64\Lib\site-packages\starlette\middleware\errors.py", line 186, in __call__
    raise exc
  File "C:\Users\adity\AppData\Local\Python\pythoncore-3.14-64\Lib\site-packages\starlette\middleware\errors.py", line 164, in __call__
    await self.app(scope, receive, _send)
  File "C:\Users\adity\AppData\Local\Python\pythoncore-3.14-64\Lib\site-packages\starlette\middleware\cors.py", line 88, in __call__
    await self.app(scope, receive, send)
  File "C:\Users\adity\AppData\Local\Python\pythoncore-3.14-64\Lib\site-packages\starlette\middleware\exceptions.py", line 63, in __call__
    await wrap_app_handling_exceptions(self.app, conn)(scope, receive, send)
  File "C:\Users\adity\AppData\Local\Python\pythoncore-3.14-64\Lib\site-packages\starlette\_exception_handler.py", line 53, in wrapped_app
    raise exc
  File "C:\Users\adity\AppData\Local\Python\pythoncore-3.14-64\Lib\site-packages\starlette\_exception_handler.py", line 42, in wrapped_app
    await app(scope, receive, sender)
  File "C:\Users\adity\AppData\Local\Python\pythoncore-3.14-64\Lib\site-packages\fastapi\middleware\asyncexitstack.py", line 18, in __call__
    await self.app(scope, receive, send)
  File "C:\Users\adity\AppData\Local\Python\pythoncore-3.14-64\Lib\site-packages\starlette\routing.py", line 660, in __call__
    await self.middleware_stack(scope, receive, send)
  File "C:\Users\adity\AppData\Local\Python\pythoncore-3.14-64\Lib\site-packages\starlette\routing.py", line 680, in app
    await route.handle(scope, receive, send)
  File "C:\Users\adity\AppData\Local\Python\pythoncore-3.14-64\Lib\site-packages\starlette\routing.py", line 276, in handle
    await self.app(scope, receive, send)
  File "C:\Users\adity\AppData\Local\Python\pythoncore-3.14-64\Lib\site-packages\fastapi\routing.py", line 134, in app
    await wrap_app_handling_exceptions(app, request)(scope, receive, send)
  File "C:\Users\adity\AppData\Local\Python\pythoncore-3.14-64\Lib\site-packages\starlette\_exception_handler.py", line 53, in wrapped_app
    raise exc
  File "C:\Users\adity\AppData\Local\Python\pythoncore-3.14-64\Lib\site-packages\starlette\_exception_handler.py", line 42, in wrapped_app
    await app(scope, receive, sender)
  File "C:\Users\adity\AppData\Local\Python\pythoncore-3.14-64\Lib\site-packages\fastapi\routing.py", line 120, in app
    response = await f(request)
               ^^^^^^^^^^^^^^^^
  File "C:\Users\adity\AppData\Local\Python\pythoncore-3.14-64\Lib\site-packages\fastapi\routing.py", line 674, in app
    raw_response = await run_endpoint_function(
                   ^^^^^^^^^^^^^^^^^^^^^^^^^^^^
    ...<3 lines>...
    )
    ^
  File "C:\Users\adity\AppData\Local\Python\pythoncore-3.14-64\Lib\site-packages\fastapi\routing.py", line 330, in run_endpoint_function
    return await run_in_threadpool(dependant.call, **values)
           ^^^^^^^^^^^^^^^^^^^^^^^^^^^^^^^^^^^^^^^^^^^^^^^^^
  File "C:\Users\adity\AppData\Local\Python\pythoncore-3.14-64\Lib\site-packages\starlette\concurrency.py", line 32, in run_in_threadpool
    return await anyio.to_thread.run_sync(func)
           ^^^^^^^^^^^^^^^^^^^^^^^^^^^^^^^^^^^^
  File "C:\Users\adity\AppData\Local\Python\pythoncore-3.14-64\Lib\site-packages\anyio\to_thread.py", line 63, in run_sync
    return await get_async_backend().run_sync_in_worker_thread(
           ^^^^^^^^^^^^^^^^^^^^^^^^^^^^^^^^^^^^^^^^^^^^^^^^^^^^
        func, args, abandon_on_cancel=abandon_on_cancel, limiter=limiter
        ^^^^^^^^^^^^^^^^^^^^^^^^^^^^^^^^^^^^^^^^^^^^^^^^^^^^^^^^^^^^^^^^
    )
    ^
  File "C:\Users\adity\AppData\Local\Python\pythoncore-3.14-64\Lib\site-packages\anyio\_backends\_asyncio.py", line 2518, in run_sync_in_worker_thread
    return await future
           ^^^^^^^^^^^^
  File "C:\Users\adity\AppData\Local\Python\pythoncore-3.14-64\Lib\site-packages\anyio\_backends\_asyncio.py", line 1002, in run
    result = context.run(func, *args)
  File "C:\Users\adity\OneDrive\Desktop\cropconnect-main 2\cropconnect-main\cropconnect-backend\esp32_ingest.py", line 544, in ai_chat
    "email": payload.email.strip().lower(),
             ^^^^^^^^^^^^^^^^^^^^^^^^^^^^^^
  File "C:\Users\adity\OneDrive\Desktop\cropconnect-main 2\cropconnect-main\cropconnect-backend\esp32_ingest.py", line 224, in google_search
    url: str,
           ^^
  File "C:\Users\adity\OneDrive\Desktop\cropconnect-main 2\cropconnect-main\cropconnect-backend\esp32_ingest.py", line 171, in request_json
  File "C:\Users\adity\AppData\Local\Python\pythoncore-3.14-64\Lib\urllib\request.py", line 187, in urlopen
    return opener.open(url, data, timeout)
           ~~~~~~~~~~~^^^^^^^^^^^^^^^^^^^^
  File "C:\Users\adity\AppData\Local\Python\pythoncore-3.14-64\Lib\urllib\request.py", line 493, in open
    response = meth(req, response)
  File "C:\Users\adity\AppData\Local\Python\pythoncore-3.14-64\Lib\urllib\request.py", line 602, in http_response
    response = self.parent.error(
        'http', request, response, code, msg, hdrs)
  File "C:\Users\adity\AppData\Local\Python\pythoncore-3.14-64\Lib\urllib\request.py", line 531, in error
    return self._call_chain(*args)
           ~~~~~~~~~~~~~~~~^^^^^^^
  File "C:\Users\adity\AppData\Local\Python\pythoncore-3.14-64\Lib\urllib\request.py", line 464, in _call_chain
    result = func(*args)
  File "C:\Users\adity\AppData\Local\Python\pythoncore-3.14-64\Lib\urllib\request.py", line 611, in http_error_default
    raise HTTPError(req.full_url, code, msg, hdrs, fp)
urllib.error.HTTPError: HTTP Error 400: Bad Request
ERROR:    Exception in ASGI application
Traceback (most recent call last):
  File "C:\Users\adity\AppData\Local\Python\pythoncore-3.14-64\Lib\site-packages\uvicorn\protocols\http\httptools_impl.py", line 421, in run_asgi
    result = await app(  # type: ignore[func-returns-value]
             ^^^^^^^^^^^^^^^^^^^^^^^^^^^^^^^^^^^^^^^^^^^^^^
        self.scope, self.receive, self.send
        ^^^^^^^^^^^^^^^^^^^^^^^^^^^^^^^^^^^
    )
    ^
  File "C:\Users\adity\AppData\Local\Python\pythoncore-3.14-64\Lib\site-packages\uvicorn\middleware\proxy_headers.py", line 56, in __call__
    return await self.app(scope, receive, send)
           ^^^^^^^^^^^^^^^^^^^^^^^^^^^^^^^^^^^^
  File "C:\Users\adity\AppData\Local\Python\pythoncore-3.14-64\Lib\site-packages\fastapi\applications.py", line 1159, in __call__
    await super().__call__(scope, receive, send)
  File "C:\Users\adity\AppData\Local\Python\pythoncore-3.14-64\Lib\site-packages\starlette\applications.py", line 90, in __call__
    await self.middleware_stack(scope, receive, send)
  File "C:\Users\adity\AppData\Local\Python\pythoncore-3.14-64\Lib\site-packages\starlette\middleware\errors.py", line 186, in __call__
    raise exc
  File "C:\Users\adity\AppData\Local\Python\pythoncore-3.14-64\Lib\site-packages\starlette\middleware\errors.py", line 164, in __call__
    await self.app(scope, receive, _send)
  File "C:\Users\adity\AppData\Local\Python\pythoncore-3.14-64\Lib\site-packages\starlette\middleware\cors.py", line 88, in __call__
    await self.app(scope, receive, send)
  File "C:\Users\adity\AppData\Local\Python\pythoncore-3.14-64\Lib\site-packages\starlette\middleware\exceptions.py", line 63, in __call__
    await wrap_app_handling_exceptions(self.app, conn)(scope, receive, send)
  File "C:\Users\adity\AppData\Local\Python\pythoncore-3.14-64\Lib\site-packages\starlette\_exception_handler.py", line 53, in wrapped_app
    raise exc
  File "C:\Users\adity\AppData\Local\Python\pythoncore-3.14-64\Lib\site-packages\starlette\_exception_handler.py", line 42, in wrapped_app
    await app(scope, receive, sender)
  File "C:\Users\adity\AppData\Local\Python\pythoncore-3.14-64\Lib\site-packages\fastapi\middleware\asyncexitstack.py", line 18, in __call__
    await self.app(scope, receive, send)
  File "C:\Users\adity\AppData\Local\Python\pythoncore-3.14-64\Lib\site-packages\starlette\routing.py", line 660, in __call__
    await self.middleware_stack(scope, receive, send)
  File "C:\Users\adity\AppData\Local\Python\pythoncore-3.14-64\Lib\site-packages\starlette\routing.py", line 680, in app
    await route.handle(scope, receive, send)
  File "C:\Users\adity\AppData\Local\Python\pythoncore-3.14-64\Lib\site-packages\starlette\routing.py", line 276, in handle
    await self.app(scope, receive, send)
  File "C:\Users\adity\AppData\Local\Python\pythoncore-3.14-64\Lib\site-packages\fastapi\routing.py", line 134, in app
    await wrap_app_handling_exceptions(app, request)(scope, receive, send)
  File "C:\Users\adity\AppData\Local\Python\pythoncore-3.14-64\Lib\site-packages\starlette\_exception_handler.py", line 53, in wrapped_app
    raise exc
  File "C:\Users\adity\AppData\Local\Python\pythoncore-3.14-64\Lib\site-packages\starlette\_exception_handler.py", line 42, in wrapped_app
    await app(scope, receive, sender)
  File "C:\Users\adity\AppData\Local\Python\pythoncore-3.14-64\Lib\site-packages\fastapi\routing.py", line 120, in app
    response = await f(request)
               ^^^^^^^^^^^^^^^^
  File "C:\Users\adity\AppData\Local\Python\pythoncore-3.14-64\Lib\site-packages\fastapi\routing.py", line 674, in app
    raw_response = await run_endpoint_function(
                   ^^^^^^^^^^^^^^^^^^^^^^^^^^^^
    ...<3 lines>...
    )
    ^
  File "C:\Users\adity\AppData\Local\Python\pythoncore-3.14-64\Lib\site-packages\fastapi\routing.py", line 330, in run_endpoint_function
    return await run_in_threadpool(dependant.call, **values)
           ^^^^^^^^^^^^^^^^^^^^^^^^^^^^^^^^^^^^^^^^^^^^^^^^^
  File "C:\Users\adity\AppData\Local\Python\pythoncore-3.14-64\Lib\site-packages\starlette\concurrency.py", line 32, in run_in_threadpool
    return await anyio.to_thread.run_sync(func)
           ^^^^^^^^^^^^^^^^^^^^^^^^^^^^^^^^^^^^
  File "C:\Users\adity\AppData\Local\Python\pythoncore-3.14-64\Lib\site-packages\anyio\to_thread.py", line 63, in run_sync
    return await get_async_backend().run_sync_in_worker_thread(
           ^^^^^^^^^^^^^^^^^^^^^^^^^^^^^^^^^^^^^^^^^^^^^^^^^^^^
        func, args, abandon_on_cancel=abandon_on_cancel, limiter=limiter
        ^^^^^^^^^^^^^^^^^^^^^^^^^^^^^^^^^^^^^^^^^^^^^^^^^^^^^^^^^^^^^^^^
    )
    ^
  File "C:\Users\adity\AppData\Local\Python\pythoncore-3.14-64\Lib\site-packages\anyio\_backends\_asyncio.py", line 2518, in run_sync_in_worker_thread
    return await future
           ^^^^^^^^^^^^
  File "C:\Users\adity\AppData\Local\Python\pythoncore-3.14-64\Lib\site-packages\anyio\_backends\_asyncio.py", line 1002, in run
    result = context.run(func, *args)
  File "C:\Users\adity\OneDrive\Desktop\cropconnect-main 2\cropconnect-main\cropconnect-backend\esp32_ingest.py", line 544, in ai_chat
    "ok": True,
    
  File "C:\Users\adity\OneDrive\Desktop\cropconnect-main 2\cropconnect-main\cropconnect-backend\esp32_ingest.py", line 224, in google_search
    url: str,
           ^^
  File "C:\Users\adity\OneDrive\Desktop\cropconnect-main 2\cropconnect-main\cropconnect-backend\esp32_ingest.py", line 171, in request_json
  File "C:\Users\adity\AppData\Local\Python\pythoncore-3.14-64\Lib\urllib\request.py", line 187, in urlopen
    return opener.open(url, data, timeout)
           ~~~~~~~~~~~^^^^^^^^^^^^^^^^^^^^
  File "C:\Users\adity\AppData\Local\Python\pythoncore-3.14-64\Lib\urllib\request.py", line 493, in open
    response = meth(req, response)
  File "C:\Users\adity\AppData\Local\Python\pythoncore-3.14-64\Lib\urllib\request.py", line 602, in http_response
    response = self.parent.error(
        'http', request, response, code, msg, hdrs)
  File "C:\Users\adity\AppData\Local\Python\pythoncore-3.14-64\Lib\urllib\request.py", line 531, in error
    return self._call_chain(*args)
           ~~~~~~~~~~~~~~~~^^^^^^^
  File "C:\Users\adity\AppData\Local\Python\pythoncore-3.14-64\Lib\urllib\request.py", line 464, in _call_chain
    result = func(*args)
  File "C:\Users\adity\AppData\Local\Python\pythoncore-3.14-64\Lib\urllib\request.py", line 611, in http_error_default
    raise HTTPError(req.full_url, code, msg, hdrs, fp)
urllib.error.HTTPError: HTTP Error 400: Bad Request
ERROR:    Exception in ASGI application
Traceback (most recent call last):
  File "C:\Users\adity\AppData\Local\Python\pythoncore-3.14-64\Lib\site-packages\uvicorn\protocols\http\httptools_impl.py", line 421, in run_asgi
    result = await app(  # type: ignore[func-returns-value]
             ^^^^^^^^^^^^^^^^^^^^^^^^^^^^^^^^^^^^^^^^^^^^^^
        self.scope, self.receive, self.send
        ^^^^^^^^^^^^^^^^^^^^^^^^^^^^^^^^^^^
    )
    ^
  File "C:\Users\adity\AppData\Local\Python\pythoncore-3.14-64\Lib\site-packages\uvicorn\middleware\proxy_headers.py", line 56, in __call__
    return await self.app(scope, receive, send)
           ^^^^^^^^^^^^^^^^^^^^^^^^^^^^^^^^^^^^
  File "C:\Users\adity\AppData\Local\Python\pythoncore-3.14-64\Lib\site-packages\fastapi\applications.py", line 1159, in __call__
    await super().__call__(scope, receive, send)
  File "C:\Users\adity\AppData\Local\Python\pythoncore-3.14-64\Lib\site-packages\starlette\applications.py", line 90, in __call__
    await self.middleware_stack(scope, receive, send)
  File "C:\Users\adity\AppData\Local\Python\pythoncore-3.14-64\Lib\site-packages\starlette\middleware\errors.py", line 186, in __call__
    raise exc
  File "C:\Users\adity\AppData\Local\Python\pythoncore-3.14-64\Lib\site-packages\starlette\middleware\errors.py", line 164, in __call__
    await self.app(scope, receive, _send)
  File "C:\Users\adity\AppData\Local\Python\pythoncore-3.14-64\Lib\site-packages\starlette\middleware\cors.py", line 88, in __call__
    await self.app(scope, receive, send)
  File "C:\Users\adity\AppData\Local\Python\pythoncore-3.14-64\Lib\site-packages\starlette\middleware\exceptions.py", line 63, in __call__
    await wrap_app_handling_exceptions(self.app, conn)(scope, receive, send)
  File "C:\Users\adity\AppData\Local\Python\pythoncore-3.14-64\Lib\site-packages\starlette\_exception_handler.py", line 53, in wrapped_app
    raise exc
  File "C:\Users\adity\AppData\Local\Python\pythoncore-3.14-64\Lib\site-packages\starlette\_exception_handler.py", line 42, in wrapped_app
    await app(scope, receive, sender)
  File "C:\Users\adity\AppData\Local\Python\pythoncore-3.14-64\Lib\site-packages\fastapi\middleware\asyncexitstack.py", line 18, in __call__
    await self.app(scope, receive, send)
  File "C:\Users\adity\AppData\Local\Python\pythoncore-3.14-64\Lib\site-packages\starlette\routing.py", line 660, in __call__
    await self.middleware_stack(scope, receive, send)
  File "C:\Users\adity\AppData\Local\Python\pythoncore-3.14-64\Lib\site-packages\starlette\routing.py", line 680, in app
    await route.handle(scope, receive, send)
  File "C:\Users\adity\AppData\Local\Python\pythoncore-3.14-64\Lib\site-packages\starlette\routing.py", line 276, in handle
    await self.app(scope, receive, send)
  File "C:\Users\adity\AppData\Local\Python\pythoncore-3.14-64\Lib\site-packages\fastapi\routing.py", line 134, in app
    await wrap_app_handling_exceptions(app, request)(scope, receive, send)
  File "C:\Users\adity\AppData\Local\Python\pythoncore-3.14-64\Lib\site-packages\starlette\_exception_handler.py", line 53, in wrapped_app
    raise exc
  File "C:\Users\adity\AppData\Local\Python\pythoncore-3.14-64\Lib\site-packages\starlette\_exception_handler.py", line 42, in wrapped_app
    await app(scope, receive, sender)
  File "C:\Users\adity\AppData\Local\Python\pythoncore-3.14-64\Lib\site-packages\fastapi\routing.py", line 120, in app
    response = await f(request)
               ^^^^^^^^^^^^^^^^
  File "C:\Users\adity\AppData\Local\Python\pythoncore-3.14-64\Lib\site-packages\fastapi\routing.py", line 674, in app
    raw_response = await run_endpoint_function(
                   ^^^^^^^^^^^^^^^^^^^^^^^^^^^^
    ...<3 lines>...
    )
    ^
  File "C:\Users\adity\AppData\Local\Python\pythoncore-3.14-64\Lib\site-packages\fastapi\routing.py", line 330, in run_endpoint_function
    return await run_in_threadpool(dependant.call, **values)
           ^^^^^^^^^^^^^^^^^^^^^^^^^^^^^^^^^^^^^^^^^^^^^^^^^
  File "C:\Users\adity\AppData\Local\Python\pythoncore-3.14-64\Lib\site-packages\starlette\concurrency.py", line 32, in run_in_threadpool
    return await anyio.to_thread.run_sync(func)
           ^^^^^^^^^^^^^^^^^^^^^^^^^^^^^^^^^^^^
  File "C:\Users\adity\AppData\Local\Python\pythoncore-3.14-64\Lib\site-packages\anyio\to_thread.py", line 63, in run_sync
    return await get_async_backend().run_sync_in_worker_thread(
           ^^^^^^^^^^^^^^^^^^^^^^^^^^^^^^^^^^^^^^^^^^^^^^^^^^^^
        func, args, abandon_on_cancel=abandon_on_cancel, limiter=limiter
        ^^^^^^^^^^^^^^^^^^^^^^^^^^^^^^^^^^^^^^^^^^^^^^^^^^^^^^^^^^^^^^^^
    )
    ^
  File "C:\Users\adity\AppData\Local\Python\pythoncore-3.14-64\Lib\site-packages\anyio\_backends\_asyncio.py", line 2518, in run_sync_in_worker_thread
    return await future
           ^^^^^^^^^^^^
  File "C:\Users\adity\AppData\Local\Python\pythoncore-3.14-64\Lib\site-packages\anyio\_backends\_asyncio.py", line 1002, in run
    result = context.run(func, *args)
  File "C:\Users\adity\OneDrive\Desktop\cropconnect-main 2\cropconnect-main\cropconnect-backend\esp32_ingest.py", line 544, in ai_chat
    "ok": True,
    
  File "C:\Users\adity\OneDrive\Desktop\cropconnect-main 2\cropconnect-main\cropconnect-backend\esp32_ingest.py", line 224, in google_search
    url: str,
           ^^
  File "C:\Users\adity\OneDrive\Desktop\cropconnect-main 2\cropconnect-main\cropconnect-backend\esp32_ingest.py", line 171, in request_json
  File "C:\Users\adity\AppData\Local\Python\pythoncore-3.14-64\Lib\urllib\request.py", line 187, in urlopen
    return opener.open(url, data, timeout)
           ~~~~~~~~~~~^^^^^^^^^^^^^^^^^^^^
  File "C:\Users\adity\AppData\Local\Python\pythoncore-3.14-64\Lib\urllib\request.py", line 493, in open
    response = meth(req, response)
  File "C:\Users\adity\AppData\Local\Python\pythoncore-3.14-64\Lib\urllib\request.py", line 602, in http_response
    response = self.parent.error(
        'http', request, response, code, msg, hdrs)
  File "C:\Users\adity\AppData\Local\Python\pythoncore-3.14-64\Lib\urllib\request.py", line 531, in error
    return self._call_chain(*args)
           ~~~~~~~~~~~~~~~~^^^^^^^
  File "C:\Users\adity\AppData\Local\Python\pythoncore-3.14-64\Lib\urllib\request.py", line 464, in _call_chain
    result = func(*args)
  File "C:\Users\adity\AppData\Local\Python\pythoncore-3.14-64\Lib\urllib\request.py", line 611, in http_error_default
    raise HTTPError(req.full_url, code, msg, hdrs, fp)
urllib.error.HTTPError: HTTP Error 400: Bad Request
INFO:     Started server process [34332]
INFO:     Waiting for application startup.
INFO:     Application startup complete.
INFO:     Uvicorn running on http://0.0.0.0:8001 (Press CTRL+C to quit)
